Checking build dependencies...
All dependencies found!

  AS      build/mbr.bin
  AS      build/stage2.bin
  AS      build/entry.o
  AS      build/isr_asm.o
kernel/arch/x86/isr_asm.asm:155: warning: signed byte value exceeds bounds [-w+number-overflow]
  CC      kernel/cpu_info.c
  CC      kernel/elf.c
  CC      kernel/ext2.c
kernel/ext2.c: In function ‘ext2_read_block’:
kernel/ext2.c:38:45: warning: unused parameter ‘block_num’ [-Wunused-parameter]
   38 | int ext2_read_block(ext2_fs_t *fs, uint32_t block_num, void *buffer) {
      |                                    ~~~~~~~~~^~~~~~~~~
kernel/ext2.c: In function ‘ext2_write_block’:
kernel/ext2.c:53:46: warning: unused parameter ‘block_num’ [-Wunused-parameter]
   53 | int ext2_write_block(ext2_fs_t *fs, uint32_t block_num, const void *buffer) {
      |                                     ~~~~~~~~~^~~~~~~~~
kernel/ext2.c: In function ‘ext2_mount’:
kernel/ext2.c:82:23: warning: passing argument 1 of ‘pmm_free_page’ makes integer from pointer without a cast [-Wint-conversion]
   82 |         pmm_free_page(new_fs);
      |                       ^~~~~~
      |                       |
      |                       ext2_fs_t *
In file included from kernel/ext2.c:8:
kernel/../include/kernel/memory.h:94:33: note: expected ‘unsigned int’ but argument is of type ‘ext2_fs_t *’
   94 | void pmm_free_page(unsigned int address);
      |                    ~~~~~~~~~~~~~^~~~~~~
kernel/ext2.c:89:23: warning: comparison of integer expressions of different signedness: ‘int’ and ‘unsigned int’ [-Wsign-compare]
   89 |     for (int i = 0; i < sizeof(ext2_superblock_t); i++) {
      |                       ^
kernel/ext2.c:95:29: warning: passing argument 1 of ‘pmm_free_page’ makes integer from pointer without a cast [-Wint-conversion]
   95 |         pmm_free_page(new_fs->superblock);
      |                       ~~~~~~^~~~~~~~~~~~
      |                             |
      |                             ext2_superblock_t *
kernel/../include/kernel/memory.h:94:33: note: expected ‘unsigned int’ but argument is of type ‘ext2_superblock_t *’
   94 | void pmm_free_page(unsigned int address);
      |                    ~~~~~~~~~~~~~^~~~~~~
kernel/ext2.c:96:23: warning: passing argument 1 of ‘pmm_free_page’ makes integer from pointer without a cast [-Wint-conversion]
   96 |         pmm_free_page(new_fs);
      |                       ^~~~~~
      |                       |
      |                       ext2_fs_t *
kernel/../include/kernel/memory.h:94:33: note: expected ‘unsigned int’ but argument is of type ‘ext2_fs_t *’
   94 | void pmm_free_page(unsigned int address);
      |                    ~~~~~~~~~~~~~^~~~~~~
kernel/ext2.c:110:29: warning: passing argument 1 of ‘pmm_free_page’ makes integer from pointer without a cast [-Wint-conversion]
  110 |         pmm_free_page(new_fs->superblock);
      |                       ~~~~~~^~~~~~~~~~~~
      |                             |
      |                             ext2_superblock_t *
kernel/../include/kernel/memory.h:94:33: note: expected ‘unsigned int’ but argument is of type ‘ext2_superblock_t *’
   94 | void pmm_free_page(unsigned int address);
      |                    ~~~~~~~~~~~~~^~~~~~~
kernel/ext2.c:111:23: warning: passing argument 1 of ‘pmm_free_page’ makes integer from pointer without a cast [-Wint-conversion]
  111 |         pmm_free_page(new_fs);
      |                       ^~~~~~
      |                       |
      |                       ext2_fs_t *
kernel/../include/kernel/memory.h:94:33: note: expected ‘unsigned int’ but argument is of type ‘ext2_fs_t *’
   94 | void pmm_free_page(unsigned int address);
      |                    ~~~~~~~~~~~~~^~~~~~~
kernel/ext2.c:107:14: warning: unused variable ‘gdt_size’ [-Wunused-variable]
  107 |     uint32_t gdt_size = new_fs->num_groups * sizeof(ext2_group_desc_t);
      |              ^~~~~~~~
kernel/ext2.c: In function ‘ext2_unmount’:
kernel/ext2.c:132:25: warning: passing argument 1 of ‘pmm_free_page’ makes integer from pointer without a cast [-Wint-conversion]
  132 |         pmm_free_page(fs->group_desc);
      |                       ~~^~~~~~~~~~~~
      |                         |
      |                         ext2_group_desc_t *
kernel/../include/kernel/memory.h:94:33: note: expected ‘unsigned int’ but argument is of type ‘ext2_group_desc_t *’
   94 | void pmm_free_page(unsigned int address);
      |                    ~~~~~~~~~~~~~^~~~~~~
kernel/ext2.c:136:25: warning: passing argument 1 of ‘pmm_free_page’ makes integer from pointer without a cast [-Wint-conversion]
  136 |         pmm_free_page(fs->superblock);
      |                       ~~^~~~~~~~~~~~
      |                         |
      |                         ext2_superblock_t *
kernel/../include/kernel/memory.h:94:33: note: expected ‘unsigned int’ but argument is of type ‘ext2_superblock_t *’
   94 | void pmm_free_page(unsigned int address);
      |                    ~~~~~~~~~~~~~^~~~~~~
kernel/ext2.c:139:19: warning: passing argument 1 of ‘pmm_free_page’ makes integer from pointer without a cast [-Wint-conversion]
  139 |     pmm_free_page(fs);
      |                   ^~
      |                   |
      |                   ext2_fs_t *
kernel/../include/kernel/memory.h:94:33: note: expected ‘unsigned int’ but argument is of type ‘ext2_fs_t *’
   94 | void pmm_free_page(unsigned int address);
      |                    ~~~~~~~~~~~~~^~~~~~~
kernel/ext2.c: In function ‘ext2_read_inode’:
kernel/ext2.c:172:26: warning: initialization of ‘void *’ from ‘unsigned int’ makes pointer from integer without a cast [-Wint-conversion]
  172 |     void *block_buffer = pmm_alloc_page();
      |                          ^~~~~~~~~~~~~~
kernel/ext2.c:178:23: warning: passing argument 1 of ‘pmm_free_page’ makes integer from pointer without a cast [-Wint-conversion]
  178 |         pmm_free_page(block_buffer);
      |                       ^~~~~~~~~~~~
      |                       |
      |                       void *
kernel/../include/kernel/memory.h:94:33: note: expected ‘unsigned int’ but argument is of type ‘void *’
   94 | void pmm_free_page(unsigned int address);
      |                    ~~~~~~~~~~~~~^~~~~~~
kernel/ext2.c:188:19: warning: passing argument 1 of ‘pmm_free_page’ makes integer from pointer without a cast [-Wint-conversion]
  188 |     pmm_free_page(block_buffer);
      |                   ^~~~~~~~~~~~
      |                   |
      |                   void *
kernel/../include/kernel/memory.h:94:33: note: expected ‘unsigned int’ but argument is of type ‘void *’
   94 | void pmm_free_page(unsigned int address);
      |                    ~~~~~~~~~~~~~^~~~~~~
kernel/ext2.c: In function ‘ext2_read_file’:
kernel/ext2.c:244:26: warning: initialization of ‘void *’ from ‘unsigned int’ makes pointer from integer without a cast [-Wint-conversion]
  244 |     void *block_buffer = pmm_alloc_page();
      |                          ^~~~~~~~~~~~~~
kernel/ext2.c:280:19: warning: passing argument 1 of ‘pmm_free_page’ makes integer from pointer without a cast [-Wint-conversion]
  280 |     pmm_free_page(block_buffer);
      |                   ^~~~~~~~~~~~
      |                   |
      |                   void *
kernel/../include/kernel/memory.h:94:33: note: expected ‘unsigned int’ but argument is of type ‘void *’
   94 | void pmm_free_page(unsigned int address);
      |                    ~~~~~~~~~~~~~^~~~~~~
kernel/ext2.c: In function ‘ext2_write_file’:
kernel/ext2.c:287:66: warning: unused parameter ‘offset’ [-Wunused-parameter]
  287 | int ext2_write_file(ext2_fs_t *fs, ext2_inode_t *inode, uint32_t offset, uint32_t size, const void *buffer) {
      |                                                         ~~~~~~~~~^~~~~~
kernel/ext2.c:287:83: warning: unused parameter ‘size’ [-Wunused-parameter]
  287 | int ext2_write_file(ext2_fs_t *fs, ext2_inode_t *inode, uint32_t offset, uint32_t size, const void *buffer) {
      |                                                                          ~~~~~~~~~^~~~
kernel/ext2.c: In function ‘ext2_read_dir’:
kernel/ext2.c:300:64: warning: unused parameter ‘index’ [-Wunused-parameter]
  300 | int ext2_read_dir(ext2_fs_t *fs, ext2_inode_t *inode, uint32_t index, ext2_dir_entry_t *entry) {
      |                                                       ~~~~~~~~~^~~~~
  CC      kernel/fat.c
  CC      kernel/fs_cache.c
kernel/fs_cache.c: In function ‘cache_print_stats’:
kernel/fs_cache.c:451:18: warning: unused variable ‘hit_rate’ [-Wunused-variable]
  451 |         uint32_t hit_rate = (hits * 100) / total;
      |                  ^~~~~~~~
  CC      kernel/gdt.c
  CC      kernel/idt.c
  CC      kernel/ipc.c
kernel/ipc.c: In function ‘mq_close’:
kernel/ipc.c:224:18: warning: unused parameter ‘mqid’ [-Wunused-parameter]
  224 | int mq_close(int mqid) {
      |              ~~~~^~~~
kernel/ipc.c: In function ‘sem_close’:
kernel/ipc.c:431:19: warning: unused parameter ‘semid’ [-Wunused-parameter]
  431 | int sem_close(int semid) {
      |               ~~~~^~~~~
kernel/ipc.c: In function ‘mutex_create’:
kernel/ipc.c:458:59: warning: unused parameter ‘flags’ [-Wunused-parameter]
  458 | int mutex_create(const char *name, mutex_type_t type, int flags) {
      |                                                       ~~~~^~~~~
  CC      kernel/isr.c
  CC      kernel/kaslr.c
kernel/kaslr.c: In function ‘rdrand64’:
kernel/kaslr.c:49:1: warning: unsupported size for integer register
   49 | }
      | ^
  CC      kernel/kernel.c
  CC      kernel/keyboard.c
  CC      kernel/process.c
kernel/process.c:37:12: warning: ‘str_cmp’ defined but not used [-Wunused-function]
   37 | static int str_cmp(const char *a, const char *b) {
      |            ^~~~~~~
  CC      kernel/profiling.c
  CC      kernel/serial.c
  CC      kernel/shell.c
kernel/shell.c:28:12: warning: ‘strlen’ defined but not used [-Wunused-function]
   28 | static int strlen(const char *str) {
      |            ^~~~~~
  CC      kernel/syscall.c
kernel/syscall.c: In function ‘syscall_init’:
kernel/syscall.c:59:32: warning: cast between incompatible function types from ‘int (*)(uint32_t)’ {aka ‘int (*)(unsigned int)’} to ‘int (*)(uint32_t,  uint32_t,  uint32_t,  uint32_t,  uint32_t)’ {aka ‘int (*)(unsigned int,  unsigned int,  unsigned int,  unsigned int,  unsigned int)’} [-Wcast-function-type]
   59 |     syscall_register(SYS_EXIT, (syscall_handler_t)sys_exit);
      |                                ^
kernel/syscall.c:60:33: warning: cast between incompatible function types from ‘int (*)(uint32_t,  uint32_t,  uint32_t)’ {aka ‘int (*)(unsigned int,  unsigned int,  unsigned int)’} to ‘int (*)(uint32_t,  uint32_t,  uint32_t,  uint32_t,  uint32_t)’ {aka ‘int (*)(unsigned int,  unsigned int,  unsigned int,  unsigned int,  unsigned int)’} [-Wcast-function-type]
   60 |     syscall_register(SYS_WRITE, (syscall_handler_t)sys_write);
      |                                 ^
kernel/syscall.c:61:32: warning: cast between incompatible function types from ‘int (*)(uint32_t,  uint32_t,  uint32_t)’ {aka ‘int (*)(unsigned int,  unsigned int,  unsigned int)’} to ‘int (*)(uint32_t,  uint32_t,  uint32_t,  uint32_t,  uint32_t)’ {aka ‘int (*)(unsigned int,  unsigned int,  unsigned int,  unsigned int,  unsigned int)’} [-Wcast-function-type]
   61 |     syscall_register(SYS_READ, (syscall_handler_t)sys_read);
      |                                ^
kernel/syscall.c:62:32: warning: cast between incompatible function types from ‘int (*)(uint32_t,  uint32_t,  uint32_t)’ {aka ‘int (*)(unsigned int,  unsigned int,  unsigned int)’} to ‘int (*)(uint32_t,  uint32_t,  uint32_t,  uint32_t,  uint32_t)’ {aka ‘int (*)(unsigned int,  unsigned int,  unsigned int,  unsigned int,  unsigned int)’} [-Wcast-function-type]
   62 |     syscall_register(SYS_OPEN, (syscall_handler_t)sys_open);
      |                                ^
kernel/syscall.c:63:33: warning: cast between incompatible function types from ‘int (*)(uint32_t)’ {aka ‘int (*)(unsigned int)’} to ‘int (*)(uint32_t,  uint32_t,  uint32_t,  uint32_t,  uint32_t)’ {aka ‘int (*)(unsigned int,  unsigned int,  unsigned int,  unsigned int,  unsigned int)’} [-Wcast-function-type]
   63 |     syscall_register(SYS_CLOSE, (syscall_handler_t)sys_close);
      |                                 ^
kernel/syscall.c:64:34: warning: cast between incompatible function types from ‘int (*)(void)’ to ‘int (*)(uint32_t,  uint32_t,  uint32_t,  uint32_t,  uint32_t)’ {aka ‘int (*)(unsigned int,  unsigned int,  unsigned int,  unsigned int,  unsigned int)’} [-Wcast-function-type]
   64 |     syscall_register(SYS_GETPID, (syscall_handler_t)sys_getpid);
      |                                  ^
kernel/syscall.c:65:32: warning: cast between incompatible function types from ‘int (*)(void)’ to ‘int (*)(uint32_t,  uint32_t,  uint32_t,  uint32_t,  uint32_t)’ {aka ‘int (*)(unsigned int,  unsigned int,  unsigned int,  unsigned int,  unsigned int)’} [-Wcast-function-type]
   65 |     syscall_register(SYS_FORK, (syscall_handler_t)sys_fork);
      |                                ^
kernel/syscall.c:66:32: warning: cast between incompatible function types from ‘int (*)(uint32_t,  uint32_t,  uint32_t)’ {aka ‘int (*)(unsigned int,  unsigned int,  unsigned int)’} to ‘int (*)(uint32_t,  uint32_t,  uint32_t,  uint32_t,  uint32_t)’ {aka ‘int (*)(unsigned int,  unsigned int,  unsigned int,  unsigned int,  unsigned int)’} [-Wcast-function-type]
   66 |     syscall_register(SYS_EXEC, (syscall_handler_t)sys_exec);
      |                                ^
kernel/syscall.c:67:32: warning: cast between incompatible function types from ‘int (*)(uint32_t,  uint32_t,  uint32_t)’ {aka ‘int (*)(unsigned int,  unsigned int,  unsigned int)’} to ‘int (*)(uint32_t,  uint32_t,  uint32_t,  uint32_t,  uint32_t)’ {aka ‘int (*)(unsigned int,  unsigned int,  unsigned int,  unsigned int,  unsigned int)’} [-Wcast-function-type]
   67 |     syscall_register(SYS_WAIT, (syscall_handler_t)sys_wait);
      |                                ^
kernel/syscall.c:68:33: warning: cast between incompatible function types from ‘int (*)(uint32_t)’ {aka ‘int (*)(unsigned int)’} to ‘int (*)(uint32_t,  uint32_t,  uint32_t,  uint32_t,  uint32_t)’ {aka ‘int (*)(unsigned int,  unsigned int,  unsigned int,  unsigned int,  unsigned int)’} [-Wcast-function-type]
   68 |     syscall_register(SYS_SLEEP, (syscall_handler_t)sys_sleep);
      |                                 ^
kernel/syscall.c:69:35: warning: cast between incompatible function types from ‘int (*)(void)’ to ‘int (*)(uint32_t,  uint32_t,  uint32_t,  uint32_t,  uint32_t)’ {aka ‘int (*)(unsigned int,  unsigned int,  unsigned int,  unsigned int,  unsigned int)’} [-Wcast-function-type]
   69 |     syscall_register(SYS_GETTIME, (syscall_handler_t)sys_gettime);
      |                                   ^
kernel/syscall.c:70:31: warning: cast between incompatible function types from ‘int (*)(uint32_t)’ {aka ‘int (*)(unsigned int)’} to ‘int (*)(uint32_t,  uint32_t,  uint32_t,  uint32_t,  uint32_t)’ {aka ‘int (*)(unsigned int,  unsigned int,  unsigned int,  unsigned int,  unsigned int)’} [-Wcast-function-type]
   70 |     syscall_register(SYS_BRK, (syscall_handler_t)sys_brk);
      |                               ^
kernel/syscall.c:71:33: warning: cast between incompatible function types from ‘int (*)(uint32_t,  uint32_t,  uint32_t)’ {aka ‘int (*)(unsigned int,  unsigned int,  unsigned int)’} to ‘int (*)(uint32_t,  uint32_t,  uint32_t,  uint32_t,  uint32_t)’ {aka ‘int (*)(unsigned int,  unsigned int,  unsigned int,  unsigned int,  unsigned int)’} [-Wcast-function-type]
   71 |     syscall_register(SYS_LSEEK, (syscall_handler_t)sys_lseek);
      |                                 ^
kernel/syscall.c:72:34: warning: cast between incompatible function types from ‘int (*)(uint32_t,  uint32_t)’ {aka ‘int (*)(unsigned int,  unsigned int)’} to ‘int (*)(uint32_t,  uint32_t,  uint32_t,  uint32_t,  uint32_t)’ {aka ‘int (*)(unsigned int,  unsigned int,  unsigned int,  unsigned int,  unsigned int)’} [-Wcast-function-type]
   72 |     syscall_register(SYS_GETCWD, (syscall_handler_t)sys_getcwd);
      |                                  ^
kernel/syscall.c:73:33: warning: cast between incompatible function types from ‘int (*)(uint32_t)’ {aka ‘int (*)(unsigned int)’} to ‘int (*)(uint32_t,  uint32_t,  uint32_t,  uint32_t,  uint32_t)’ {aka ‘int (*)(unsigned int,  unsigned int,  unsigned int,  unsigned int,  unsigned int)’} [-Wcast-function-type]
   73 |     syscall_register(SYS_CHDIR, (syscall_handler_t)sys_chdir);
      |                                 ^
  CC      kernel/tcpip.c
kernel/tcpip.c: In function ‘ip_receive’:
kernel/tcpip.c:186:14: warning: unused variable ‘payload_length’ [-Wunused-variable]
  186 |     uint16_t payload_length = ntohs(header->total_length) - sizeof(ipv4_header_t);
      |              ^~~~~~~~~~~~~~
kernel/tcpip.c:185:17: warning: unused variable ‘payload’ [-Wunused-variable]
  185 |     const void *payload = (const uint8_t *)packet + sizeof(ipv4_header_t);
      |                 ^~~~~~~
kernel/tcpip.c: In function ‘tcp_send’:
kernel/tcpip.c:279:53: warning: unused parameter ‘length’ [-Wunused-parameter]
  279 | int tcp_send(int sockfd, const void *data, uint16_t length) {
      |                                            ~~~~~~~~~^~~~~~
kernel/tcpip.c: In function ‘tcp_receive’:
kernel/tcpip.c:292:52: warning: unused parameter ‘max_length’ [-Wunused-parameter]
  292 | int tcp_receive(int sockfd, void *buffer, uint16_t max_length) {
      |                                           ~~~~~~~~~^~~~~~~~~~
kernel/tcpip.c: In function ‘icmp_echo_request’:
kernel/tcpip.c:305:32: warning: unused parameter ‘dest_ip’ [-Wunused-parameter]
  305 | int icmp_echo_request(uint32_t dest_ip, uint16_t id, uint16_t seq, const void *data, uint16_t length) {
      |                       ~~~~~~~~~^~~~~~~
kernel/tcpip.c:305:50: warning: unused parameter ‘id’ [-Wunused-parameter]
  305 | int icmp_echo_request(uint32_t dest_ip, uint16_t id, uint16_t seq, const void *data, uint16_t length) {
      |                                         ~~~~~~~~~^~
kernel/tcpip.c:305:63: warning: unused parameter ‘seq’ [-Wunused-parameter]
  305 | int icmp_echo_request(uint32_t dest_ip, uint16_t id, uint16_t seq, const void *data, uint16_t length) {
      |                                                      ~~~~~~~~~^~~
kernel/tcpip.c:305:80: warning: unused parameter ‘data’ [-Wunused-parameter]
  305 | int icmp_echo_request(uint32_t dest_ip, uint16_t id, uint16_t seq, const void *data, uint16_t length) {
      |                                                                    ~~~~~~~~~~~~^~~~
kernel/tcpip.c:305:95: warning: unused parameter ‘length’ [-Wunused-parameter]
  305 | int icmp_echo_request(uint32_t dest_ip, uint16_t id, uint16_t seq, const void *data, uint16_t length) {
      |                                                                                      ~~~~~~~~~^~~~~~
kernel/tcpip.c: In function ‘ip_addr_to_str’:
kernel/tcpip.c:373:13: warning: variable ‘octets’ set but not used [-Wunused-but-set-variable]
  373 |     uint8_t octets[4];
      |             ^~~~~~
  CC      kernel/timer.c
  CC      kernel/usermode.c
kernel/usermode.c: In function ‘usermode_create_process’:
kernel/usermode.c:121:23: warning: passing argument 1 of ‘pmm_free_page’ makes integer from pointer without a cast [-Wint-conversion]
  121 |         pmm_free_page((void *)(process->kernel_stack - 0x2000));
      |                       ^~~~~~~~~~~~~~~~~~~~~~~~~~~~~~~~~~~~~~~~
      |                       |
      |                       void *
In file included from kernel/usermode.c:8:
kernel/../include/kernel/memory.h:94:33: note: expected ‘unsigned int’ but argument is of type ‘void *’
   94 | void pmm_free_page(unsigned int address);
      |                    ~~~~~~~~~~~~~^~~~~~~
kernel/usermode.c: In function ‘usermode_terminate_process’:
kernel/usermode.c:242:31: warning: passing argument 1 of ‘pmm_free_page’ makes integer from pointer without a cast [-Wint-conversion]
  242 |                 pmm_free_page((void *)(process_table[i].kernel_stack - 0x2000));
      |                               ^~~~~~~~~~~~~~~~~~~~~~~~~~~~~~~~~~~~~~~~~~~~~~~~
      |                               |
      |                               void *
kernel/../include/kernel/memory.h:94:33: note: expected ‘unsigned int’ but argument is of type ‘void *’
   94 | void pmm_free_page(unsigned int address);
      |                    ~~~~~~~~~~~~~^~~~~~~
  CC      kernel/vfs.c
kernel/vfs.c: In function ‘vfs_create’:
kernel/vfs.c:510:43: warning: unused parameter ‘mode’ [-Wunused-parameter]
  510 | int vfs_create(const char *path, uint32_t mode) {
      |                                  ~~~~~~~~~^~~~
kernel/vfs.c: In function ‘vfs_mkdir’:
kernel/vfs.c:534:42: warning: unused parameter ‘permissions’ [-Wunused-parameter]
  534 | int vfs_mkdir(const char *path, uint32_t permissions) {
      |                                 ~~~~~~~~~^~~~~~~~~~~
kernel/vfs.c: At top level:
kernel/vfs.c:55:12: warning: ‘vfs_strlen’ defined but not used [-Wunused-function]
   55 | static int vfs_strlen(const char *s) {
      |            ^~~~~~~~~~
kernel/vfs.c:44:12: warning: ‘vfs_strcmp’ defined but not used [-Wunused-function]
   44 | static int vfs_strcmp(const char *s1, const char *s2) {
      |            ^~~~~~~~~~
kernel/vfs.c:32:13: warning: ‘vfs_strcpy’ defined but not used [-Wunused-function]
   32 | static void vfs_strcpy(char *dest, const char *src, int max) {
      |             ^~~~~~~~~~
  CC      kernel/mm/buddy.c
  CC      kernel/mm/pmm.c
  CC      kernel/mm/slab.c
  CC      kernel/mm/vmm.c
kernel/mm/vmm.c:9: warning: "PAGE_PRESENT" redefined
    9 | #define PAGE_PRESENT    0x1
      | 
In file included from kernel/mm/vmm.c:7:
include/../include/kernel/memory.h:34: note: this is the location of the previous definition
   34 | #define PAGE_PRESENT    0x001   /**< Page is present in memory */
      | 
kernel/mm/vmm.c:10: warning: "PAGE_WRITE" redefined
   10 | #define PAGE_WRITE      0x2
      | 
include/../include/kernel/memory.h:35: note: this is the location of the previous definition
   35 | #define PAGE_WRITE      0x002   /**< Page is writable */
      | 
kernel/mm/vmm.c:11: warning: "PAGE_USER" redefined
   11 | #define PAGE_USER       0x4
      | 
include/../include/kernel/memory.h:36: note: this is the location of the previous definition
   36 | #define PAGE_USER       0x004   /**< Page is user-accessible */
      | 
  CC      kernel/task/cfs.c
  CC      kernel/task/scheduler.c
kernel/task/scheduler.c: In function ‘task_get_current_id’:
kernel/task/scheduler.c:512:44: warning: operand of ‘?:’ changes signedness from ‘int’ to ‘uint32_t’ {aka ‘unsigned int’} due to unsignedness of other operand [-Wsign-compare]
  512 |     return rq->current ? rq->current->id : -1;
      |                                            ^~
kernel/task/scheduler.c: In function ‘scheduler_print_stats’:
kernel/task/scheduler.c:781:25: warning: unused variable ‘rq’ [-Wunused-variable]
  781 |         cpu_runqueue_t *rq = &cpu_runqueues[i];
      |                         ^~
kernel/task/scheduler.c: At top level:
kernel/task/scheduler.c:32:12: warning: ‘next_task_id’ defined but not used [-Wunused-variable]
   32 | static int next_task_id = 1;
      |            ^~~~~~~~~~~~
  CC      kernel/fs/tocinfs.c
  CC      kernel/drivers/ahci_driver.c
kernel/drivers/ahci_driver.c: In function ‘ahci_port_rebase’:
kernel/drivers/ahci_driver.c:123:17: warning: initialization of ‘void *’ from ‘unsigned int’ makes pointer from integer without a cast [-Wint-conversion]
  123 |     void *clb = pmm_alloc_page();
      |                 ^~~~~~~~~~~~~~
kernel/drivers/ahci_driver.c:137:16: warning: initialization of ‘void *’ from ‘unsigned int’ makes pointer from integer without a cast [-Wint-conversion]
  137 |     void *fb = pmm_alloc_page();
      |                ^~~~~~~~~~~~~~
kernel/drivers/ahci_driver.c:139:23: warning: passing argument 1 of ‘pmm_free_page’ makes integer from pointer without a cast [-Wint-conversion]
  139 |         pmm_free_page(clb);
      |                       ^~~
      |                       |
      |                       void *
In file included from kernel/drivers/ahci_driver.c:9:
include/../include/kernel/memory.h:94:33: note: expected ‘unsigned int’ but argument is of type ‘void *’
   94 | void pmm_free_page(unsigned int address);
      |                    ~~~~~~~~~~~~~^~~~~~~
kernel/drivers/ahci_driver.c:156:22: warning: initialization of ‘void *’ from ‘unsigned int’ makes pointer from integer without a cast [-Wint-conversion]
  156 |         void *ctba = pmm_alloc_page();
      |                      ^~~~~~~~~~~~~~
kernel/drivers/ahci_driver.c: In function ‘ahci_write’:
kernel/drivers/ahci_driver.c:333:39: warning: unused parameter ‘lba’ [-Wunused-parameter]
  333 | int ahci_write(uint8_t port, uint64_t lba, uint32_t count, const void *buffer) {
      |                              ~~~~~~~~~^~~
kernel/drivers/ahci_driver.c:333:53: warning: unused parameter ‘count’ [-Wunused-parameter]
  333 | int ahci_write(uint8_t port, uint64_t lba, uint32_t count, const void *buffer) {
      |                                            ~~~~~~~~~^~~~~
  CC      kernel/drivers/ide_driver.c
  CC      kernel/drivers/mdf.c
  CC      kernel/drivers/net_driver.c
  CC      kernel/drivers/usb_driver.c
kernel/drivers/usb_driver.c: In function ‘usb_control_transfer’:
kernel/drivers/usb_driver.c:222:81: warning: unused parameter ‘data’ [-Wunused-parameter]
  222 | int usb_control_transfer(usb_device_t *device, usb_setup_packet_t *setup, void *data, uint16_t length) {
      |                                                                           ~~~~~~^~~~
kernel/drivers/usb_driver.c:222:96: warning: unused parameter ‘length’ [-Wunused-parameter]
  222 | int usb_control_transfer(usb_device_t *device, usb_setup_packet_t *setup, void *data, uint16_t length) {
      |                                                                                       ~~~~~~~~~^~~~~~
kernel/drivers/usb_driver.c: In function ‘usb_bulk_transfer’:
kernel/drivers/usb_driver.c:238:53: warning: unused parameter ‘endpoint’ [-Wunused-parameter]
  238 | int usb_bulk_transfer(usb_device_t *device, uint8_t endpoint, void *data, uint32_t length) {
      |                                             ~~~~~~~~^~~~~~~~
kernel/drivers/usb_driver.c:238:84: warning: unused parameter ‘length’ [-Wunused-parameter]
  238 | int usb_bulk_transfer(usb_device_t *device, uint8_t endpoint, void *data, uint32_t length) {
      |                                                                           ~~~~~~~~~^~~~~~
kernel/drivers/usb_driver.c: In function ‘usb_interrupt_transfer’:
kernel/drivers/usb_driver.c:251:58: warning: unused parameter ‘endpoint’ [-Wunused-parameter]
  251 | int usb_interrupt_transfer(usb_device_t *device, uint8_t endpoint, void *data, uint32_t length) {
      |                                                  ~~~~~~~~^~~~~~~~
kernel/drivers/usb_driver.c:251:89: warning: unused parameter ‘length’ [-Wunused-parameter]
  251 | int usb_interrupt_transfer(usb_device_t *device, uint8_t endpoint, void *data, uint32_t length) {
      |                                                                                ~~~~~~~~~^~~~~~
kernel/drivers/usb_driver.c: In function ‘usb_hid_get_report’:
kernel/drivers/usb_driver.c:286:69: warning: unused parameter ‘length’ [-Wunused-parameter]
  286 | int usb_hid_get_report(usb_device_t *device, void *buffer, uint16_t length) {
      |                                                            ~~~~~~~~~^~~~~~
kernel/drivers/usb_driver.c: In function ‘usb_msc_read’:
kernel/drivers/usb_driver.c:321:49: warning: unused parameter ‘lba’ [-Wunused-parameter]
  321 | int usb_msc_read(usb_device_t *device, uint64_t lba, uint32_t count, void *buffer) {
      |                                        ~~~~~~~~~^~~
kernel/drivers/usb_driver.c:321:63: warning: unused parameter ‘count’ [-Wunused-parameter]
  321 | int usb_msc_read(usb_device_t *device, uint64_t lba, uint32_t count, void *buffer) {
      |                                                      ~~~~~~~~~^~~~~
kernel/drivers/usb_driver.c: In function ‘usb_msc_write’:
kernel/drivers/usb_driver.c:334:50: warning: unused parameter ‘lba’ [-Wunused-parameter]
  334 | int usb_msc_write(usb_device_t *device, uint64_t lba, uint32_t count, const void *buffer) {
      |                                         ~~~~~~~~~^~~
kernel/drivers/usb_driver.c:334:64: warning: unused parameter ‘count’ [-Wunused-parameter]
  334 | int usb_msc_write(usb_device_t *device, uint64_t lba, uint32_t count, const void *buffer) {
      |                                                       ~~~~~~~~~^~~~~
kernel/drivers/usb_driver.c: At top level:
kernel/drivers/usb_driver.c:12:12: warning: ‘usb_num_controllers’ defined but not used [-Wunused-variable]
   12 | static int usb_num_controllers = 0;
      |            ^~~~~~~~~~~~~~~~~~~
  CC      kernel/drivers/vesa_driver.c
kernel/drivers/vesa_driver.c: In function ‘vesa_draw_char’:
kernel/drivers/vesa_driver.c:174:42: warning: comparison is always false due to limited range of data type [-Wtype-limits]
  174 |     if (!vesa_initialized || c < 32 || c > 127) {
      |                                          ^
  CC      kernel/drivers/vga_driver.c
kernel/drivers/vga_driver.c:99:12: warning: ‘vga_ioctl’ defined but not used [-Wunused-function]
   99 | static int vga_ioctl(unsigned int cmd, void *arg) {
      |            ^~~~~~~~~
kernel/drivers/vga_driver.c:58:12: warning: ‘vga_write’ defined but not used [-Wunused-function]
   58 | static int vga_write(const void *buffer, unsigned int size) {
      |            ^~~~~~~~~
kernel/drivers/vga_driver.c:50:12: warning: ‘vga_close’ defined but not used [-Wunused-function]
   50 | static int vga_close(void) {
      |            ^~~~~~~~~
kernel/drivers/vga_driver.c:42:12: warning: ‘vga_open’ defined but not used [-Wunused-function]
   42 | static int vga_open(void) {
      |            ^~~~~~~~
  LD      build/kernel.elf
ld: warning: build/isr_asm.o: missing .note.GNU-stack section implies executable stack
ld: NOTE: This behaviour is deprecated and will be removed in a future version of the linker
  OBJCOPY build/kernel.bin
  IMAGE   build/TocinOS.img

Build complete in 1s!

